{
  project: "MAML",
  tags: [
    "minimal",
    "readable"
  ],
  spec: {
    version: 1,
    author: "Anton Medvedev"
  }
}