maml: cannot determine concrete type for interface{} for AST node *ast.Identifier