{
  key: "    Roses are red,\n    Violets are blue;\n  "
}