AST for # A simple object
{
  key: "value"
  number: 123
}
